{
  "summary": {
    "checks": 198,
    "passed": 198,
    "failed": 0
  },
  "failures": [],
  "circuits": [
    {
      "id": "campinas-brasilia-midpoint",
      "distanceKm": 788.5843280345681,
      "stages": [
        {
          "foEMHz": 0.1,
          "modes": [
            "E1",
            "E2",
            "E3",
            "F21",
            "F22",
            "F23",
            "F24",
            "F25",
            "F26"
          ],
          "Es": 16.656452469905254,
          "Pr": -107.07323419173275,
          "snr": 7.88867379694841
        },
        {
          "foEMHz": 1,
          "modes": [
            "E1",
            "E2",
            "E3",
            "F21",
            "F22",
            "F23",
            "F24",
            "F25",
            "F26"
          ],
          "Es": 16.656452469905254,
          "Pr": -107.07323419173275,
          "snr": 7.88867379694841
        },
        {
          "foEMHz": 2,
          "modes": [
            "E1",
            "E2",
            "E3",
            "F21",
            "F22",
            "F23",
            "F24",
            "F25",
            "F26"
          ],
          "Es": 16.656452469905254,
          "Pr": -107.07323419173275,
          "snr": 7.88867379694841
        },
        {
          "foEMHz": 4,
          "modes": [
            "E1",
            "E2",
            "E3",
            "F22",
            "F23",
            "F24",
            "F25",
            "F26"
          ],
          "Es": 12.309102272161677,
          "Pr": -113.68919237701492,
          "snr": 1.2727156116662286
        },
        {
          "foEMHz": 8,
          "modes": [
            "E1",
            "E2",
            "E3"
          ],
          "Es": 11.307707665339791,
          "Pr": -114.086224753283,
          "snr": 0.8756832353981281
        },
        {
          "foEMHz": 20,
          "modes": [
            "E1",
            "E2",
            "E3"
          ],
          "Es": 11.307707665339791,
          "Pr": -114.086224753283,
          "snr": 0.8756832353981281
        }
      ]
    },
    {
      "id": "campinas-natal-two-controls",
      "distanceKm": 2287.1488238652937,
      "stages": [
        {
          "foEMHz": 0.1,
          "modes": [
            "E2",
            "E3",
            "F21",
            "F22",
            "F23",
            "F24",
            "F25",
            "F26"
          ],
          "Es": 4.079678656258891,
          "Pr": -121.94744954778272,
          "snr": -6.985541559101591
        },
        {
          "foEMHz": 1,
          "modes": [
            "E2",
            "E3",
            "F21",
            "F22",
            "F23",
            "F24",
            "F25",
            "F26"
          ],
          "Es": 4.079678656258891,
          "Pr": -121.94744954778272,
          "snr": -6.985541559101591
        },
        {
          "foEMHz": 2,
          "modes": [
            "E2",
            "E3",
            "F22",
            "F23",
            "F24",
            "F25",
            "F26"
          ],
          "Es": -9.394989896031442,
          "Pr": -133.7057127774764,
          "snr": -18.743804788795273
        },
        {
          "foEMHz": 4,
          "modes": [
            "E2",
            "E3",
            "F24",
            "F25",
            "F26"
          ],
          "Es": -12.887907919463164,
          "Pr": -141.14650941437577,
          "snr": -26.18460142569461
        },
        {
          "foEMHz": 8,
          "modes": [
            "E2",
            "E3"
          ],
          "Es": -13.845673362149164,
          "Pr": -142.9248459540957,
          "snr": -27.96293796541454
        },
        {
          "foEMHz": 20,
          "modes": [
            "E2",
            "E3"
          ],
          "Es": -13.845673362149164,
          "Pr": -142.9248459540957,
          "snr": -27.96293796541454
        }
      ]
    }
  ]
}
